Here is the optimal value
-6.372700
Here is the optimal value
-6.372700
Here is the optimal value
-6.372700
Here is the optimal value
-6.372700
Here is the optimal value
-6.372700
Here is the optimal value
-6.372700
Here is the optimal value
-6.372700
Here is the optimal value
-6.372700
Here is the optimal value
-6.372700
Here is the optimal value
-6.372700
Here is the optimal value
-6.372700
Here is the optimal value
-6.372700
Here is the optimal value
-6.372700
Here is the optimal value
-6.372700
Here is the optimal value
-6.372700
Here is the optimal value
-6.372700
Here is the optimal value
-6.372700
Here is the optimal value
-6.372700
Here is the optimal value
-6.372700
Here is the optimal value
-6.372700
Here is the optimal value
-6.372700
Here is the optimal value
-6.372700
Here is the optimal value
-6.372700
Here is the optimal value
-6.372700
Here is the optimal value
-6.372700
Here is the optimal value
-6.372700
Here is the optimal value
-6.372700
Here is the optimal value
-6.372700
Here is the optimal value
-6.372700
Here is the optimal value
-6.372700
