

 r = 0.200000 tau = 2 epsilon = 0.001000  
Iterations: 258   Subproblems 386 
SD Est. Inc. Value: -11.187700 
 total time = 11.852033 


 r = 0.200000 tau = 2 epsilon = 0.001000  
Iterations: 258   Subproblems 386 
SD Est. Inc. Value: -11.187700 
 total time = 11.739003 


 r = 0.200000 tau = 2 epsilon = 0.001000  
Iterations: 258   Subproblems 386 
SD Est. Inc. Value: -11.187700 
 total time = 10.914805 


 r = 0.200000 tau = 2 epsilon = 0.001000  
Iterations: 258   Subproblems 386 
SD Est. Inc. Value: -11.187700 
 total time = 10.626333 


 r = 0.200000 tau = 2 epsilon = 0.001000  
Iterations: 258   Subproblems 386 
SD Est. Inc. Value: -11.187700 
 total time = 10.927918 


 r = 0.200000 tau = 2 epsilon = 0.001000  
Iterations: 258   Subproblems 386 
SD Est. Inc. Value: -11.187700 
 total time = 10.591229 


 r = 0.200000 tau = 2 epsilon = 0.001000  
Iterations: 258   Subproblems 386 
SD Est. Inc. Value: -11.187700 
 total time = 10.957272 


 r = 0.200000 tau = 2 epsilon = 0.001000  
Iterations: 258   Subproblems 386 
SD Est. Inc. Value: -11.187700 
 total time = 10.912793 


 r = 0.200000 tau = 2 epsilon = 0.001000  
Iterations: 258   Subproblems 386 
SD Est. Inc. Value: -11.187700 
 total time = 10.989997 


 r = 0.200000 tau = 2 epsilon = 0.001000  
Iterations: 258   Subproblems 386 
SD Est. Inc. Value: -11.187700 
 total time = 11.152381 


 r = 0.200000 tau = 2 epsilon = 0.001000  
Iterations: 258   Subproblems 386 
SD Est. Inc. Value: -11.187700 
 total time = 10.938289 


 r = 0.200000 tau = 2 epsilon = 0.001000  
Iterations: 258   Subproblems 386 
SD Est. Inc. Value: -11.187700 
 total time = 11.623102 


 r = 0.200000 tau = 2 epsilon = 0.001000  
Iterations: 258   Subproblems 386 
SD Est. Inc. Value: -11.187700 
 total time = 11.435553 


 r = 0.200000 tau = 2 epsilon = 0.001000  
Iterations: 258   Subproblems 386 
SD Est. Inc. Value: -11.187700 
 total time = 16.463093 


 r = 0.200000 tau = 2 epsilon = 0.001000  
Iterations: 258   Subproblems 386 
SD Est. Inc. Value: -11.187700 
 total time = 11.942257 


 r = 0.200000 tau = 2 epsilon = 0.001000  
Iterations: 258   Subproblems 386 
SD Est. Inc. Value: -11.187700 
 total time = 11.382327 


 r = 0.200000 tau = 2 epsilon = 0.001000  
Iterations: 258   Subproblems 386 
SD Est. Inc. Value: -11.187700 
 total time = 11.381689 


 r = 0.200000 tau = 2 epsilon = 0.001000  
Iterations: 258   Subproblems 386 
SD Est. Inc. Value: -11.187700 
 total time = 11.152749 


 r = 0.200000 tau = 2 epsilon = 0.001000  
Iterations: 258   Subproblems 386 
SD Est. Inc. Value: -11.187700 
 total time = 12.404293 


 r = 0.200000 tau = 2 epsilon = 0.001000  
Iterations: 258   Subproblems 386 
SD Est. Inc. Value: -11.187700 
 total time = 11.890418 


 r = 0.200000 tau = 2 epsilon = 0.001000  
Iterations: 258   Subproblems 386 
SD Est. Inc. Value: -11.187700 
 total time = 11.389754 


 r = 0.200000 tau = 2 epsilon = 0.001000  
Iterations: 258   Subproblems 386 
SD Est. Inc. Value: -11.187700 
 total time = 12.103756 


 r = 0.200000 tau = 2 epsilon = 0.001000  
Iterations: 258   Subproblems 386 
SD Est. Inc. Value: -11.187700 
 total time = 11.569412 


 r = 0.200000 tau = 2 epsilon = 0.001000  
Iterations: 258   Subproblems 386 
SD Est. Inc. Value: -11.187700 
 total time = 11.514805 


 r = 0.200000 tau = 2 epsilon = 0.001000  
Iterations: 258   Subproblems 386 
SD Est. Inc. Value: -11.187700 
 total time = 11.965807 


 r = 0.200000 tau = 2 epsilon = 0.001000  
Iterations: 258   Subproblems 386 
SD Est. Inc. Value: -11.187700 
 total time = 11.055456 


 r = 0.200000 tau = 2 epsilon = 0.001000  
Iterations: 258   Subproblems 386 
SD Est. Inc. Value: -11.187700 
 total time = 12.478507 


 r = 0.200000 tau = 2 epsilon = 0.001000  
Iterations: 258   Subproblems 386 
SD Est. Inc. Value: -11.187700 
 total time = 11.749111 


 r = 0.200000 tau = 2 epsilon = 0.001000  
Iterations: 258   Subproblems 386 
SD Est. Inc. Value: -11.187700 
 total time = 12.007741 


 r = 0.200000 tau = 2 epsilon = 0.001000  
Iterations: 258   Subproblems 386 
SD Est. Inc. Value: -11.187700 
 total time = 17.117576 
