11.852033	258
11.739003	258
10.914805	258
10.626333	258
10.927918	258
10.591229	258
10.957272	258
10.912793	258
10.989997	258
11.152381	258
10.938289	258
11.623102	258
11.435553	258
16.463093	258
11.942257	258
11.382327	258
11.381689	258
11.152749	258
12.404293	258
11.890418	258
11.389754	258
12.103756	258
11.569412	258
11.514805	258
11.965807	258
11.055456	258
12.478507	258
11.749111	258
12.007741	258
17.117576	258
0.016902	100
0.016345	100
Total Time for Compromise Solve: 4.953668
